Nextion_Enhanced_NX3224K028.c:24:9:Nextion_Enhanced_NX3224K028_writeTxtToControl	24	static
Nextion_Enhanced_NX3224K028.c:45:9:Nextion_Enhanced_NX3224K028_writeNumberToControl	24	static
Nextion_Enhanced_NX3224K028.c:66:9:Nextion_Enhanced_NX3224K028_writeFloatToControl	40	static
Nextion_Enhanced_NX3224K028.c:87:9:Nextion_Enhanced_NX3224K028_writeFltToControl	24	static
Nextion_Enhanced_NX3224K028.c:108:9:Nextion_Enhanced_NX3224K028_writeValueToProgressBar	24	static
Nextion_Enhanced_NX3224K028.c:133:9:Nextion_Enhanced_NX3224K028_changeControlColor	24	static
Nextion_Enhanced_NX3224K028.c:150:9:Nextion_Enhanced_NX3224K028_drawRectangle	48	static
Nextion_Enhanced_NX3224K028.c:171:9:Nextion_Enhanced_NX3224K028_dispResoursePicture	32	static
Nextion_Enhanced_NX3224K028.c:193:9:Nextion_Enhanced_NX3224K028_loadNewPage	24	static
Nextion_Enhanced_NX3224K028.c:214:9:Nextion_Enhanced_NX3224K028_setBacklight	24	static
Nextion_Enhanced_NX3224K028.c:235:9:Nextion_Enhanced_NX3224K028_setPassFailReturnData	24	static
Nextion_Enhanced_NX3224K028.c:256:9:Nextion_Enhanced_NX3224K028_setBaudRate	24	static
Nextion_Enhanced_NX3224K028.c:312:9:Nextion_Enhanced_NX3224K028_removeBytesFromSerialBuffer	24	static
Nextion_Enhanced_NX3224K028.c:340:9:Nextion_Enhanced_NX3224K028_deviceReset	16	static
